// Jest Snapshot v1, https://goo.gl/fbAQLP

exports[`DiveForm snapshot tests Dive form elements should render correctly 1`] = `
<form
  className="sc-bdVaJa eyQCFM"
>
  <div
    className="MuiFormControl-root-1 MuiFormControl-marginNormal-2 MuiFormControl-fullWidth-4"
    onBlur={[Function]}
    onFocus={[Function]}
  >
    <label
      className="MuiFormLabel-root-10 MuiInputLabel-root-5 MuiInputLabel-formControl-6 MuiInputLabel-animated-9 MuiInputLabel-shrink-8"
      data-shrink={true}
      htmlFor="name"
    >
      Name
      <span
        className="MuiFormLabel-asterisk-14"
      >
         *
      </span>
    </label>
    <div
      className="MuiInput-root-15 MuiInput-fullWidth-22 MuiInput-formControl-16 MuiInput-underline-19"
    >
      <input
        aria-invalid={false}
        aria-required={true}
        className="MuiInput-input-23"
        disabled={false}
        id="name"
        onBlur={[Function]}
        onChange={[Function]}
        onFocus={[Function]}
        required={true}
        type="text"
        value="VIRGIN Dive with AOW licence"
      />
    </div>
  </div>
  <div
    className="MuiFormControl-root-1 MuiFormControl-marginNormal-2 MuiFormControl-fullWidth-4"
    onBlur={[Function]}
    onFocus={[Function]}
  >
    <label
      className="MuiFormLabel-root-10 MuiInputLabel-root-5 MuiInputLabel-formControl-6 MuiInputLabel-animated-9 MuiInputLabel-shrink-8"
      data-shrink={true}
      htmlFor="location"
    >
      Location
      <span
        className="MuiFormLabel-asterisk-14"
      >
         *
      </span>
    </label>
    <div
      className="MuiInput-root-15 MuiInput-fullWidth-22 MuiInput-formControl-16 MuiInput-underline-19"
    >
      <input
        aria-invalid={false}
        aria-required={true}
        className="MuiInput-input-23 MuiInput-inputType-26 MuiInput-inputTypeSearch-27"
        disabled={false}
        id="location"
        onBlur={[Function]}
        onChange={[Function]}
        onFocus={[Function]}
        required={true}
        type="search"
        value="PHILIPINE"
      />
    </div>
  </div>
  <div
    className="MuiFormControl-root-1 MuiFormControl-marginNormal-2 MuiFormControl-fullWidth-4"
    onBlur={[Function]}
    onFocus={[Function]}
  >
    <label
      className="MuiFormLabel-root-10 MuiInputLabel-root-5 MuiInputLabel-formControl-6 MuiInputLabel-animated-9 MuiInputLabel-shrink-8"
      data-shrink={true}
      htmlFor="date"
    >
      Date
      <span
        className="MuiFormLabel-asterisk-14"
      >
         *
      </span>
    </label>
    <div
      className="MuiInput-root-15 MuiInput-fullWidth-22 MuiInput-formControl-16 MuiInput-underline-19"
    >
      <input
        aria-invalid={false}
        aria-required={true}
        className="MuiInput-input-23 MuiInput-inputType-26"
        disabled={false}
        id="date"
        onBlur={[Function]}
        onChange={[Function]}
        onFocus={[Function]}
        required={true}
        type="date"
        value="2018-03-15"
      />
    </div>
  </div>
  <div
    className="MuiFormControl-root-1 MuiFormControl-marginNormal-2 MuiFormControl-fullWidth-4"
    onBlur={[Function]}
    onFocus={[Function]}
  >
    <label
      className="MuiFormLabel-root-10 MuiInputLabel-root-5 MuiInputLabel-formControl-6 MuiInputLabel-animated-9 MuiInputLabel-shrink-8"
      data-shrink={true}
      htmlFor="depth"
    >
      Depth
    </label>
    <div
      className="MuiInput-root-15 MuiInput-fullWidth-22 MuiInput-formControl-16 MuiInput-underline-19"
    >
      <input
        aria-invalid={false}
        aria-required={false}
        className="MuiInput-input-23 MuiInput-inputType-26"
        disabled={false}
        id="depth"
        onBlur={[Function]}
        onChange={[Function]}
        onFocus={[Function]}
        type="number"
        value={28}
      />
    </div>
  </div>
</form>
`;
