// Jest Snapshot v1, https://goo.gl/fbAQLP

exports[`DiveForm snapshot tests Dive form elements should render correctly 1`] = `
<form
  className="sc-bdVaJa eyQCFM"
>
  <div
    className="MuiFormControl-root-1 MuiFormControl-marginNormal-2 MuiFormControl-fullWidth-4"
    onBlur={[Function]}
    onFocus={[Function]}
  >
    <label
      className="MuiFormLabel-root-10 MuiInputLabel-root-5 MuiInputLabel-formControl-6 MuiInputLabel-animated-9 MuiInputLabel-shrink-8"
      data-shrink={true}
      htmlFor="name"
    >
      Name
      <span
        className="MuiFormLabel-asterisk-14"
      >
         *
      </span>
    </label>
    <div
      className="MuiInput-root-15 MuiInput-fullWidth-22 MuiInput-formControl-16 MuiInput-underline-19"
    >
      <input
        aria-invalid={false}
        aria-required={true}
        className="MuiInput-input-23"
        disabled={false}
        id="name"
        onBlur={[Function]}
        onChange={[Function]}
        onFocus={[Function]}
        required={true}
        type="text"
        value="VIRGIN Dive with AOW licence"
      />
    </div>
  </div>
  <div
    className="locationSuggestion-container-1"
  >
    <div
      className="MuiFormControl-root-1 MuiFormControl-fullWidth-4"
      onBlur={[Function]}
      onFocus={[Function]}
    >
      <label
        className="MuiFormLabel-root-10 MuiInputLabel-root-5 MuiInputLabel-formControl-6 MuiInputLabel-animated-9 MuiInputLabel-shrink-8"
        data-shrink={true}
      >
        Location
      </label>
      <div
        aria-activedescendant={null}
        aria-autocomplete="list"
        aria-expanded={false}
        aria-owns="react-autowhatever-1"
        className="MuiInput-root-15 MuiInput-fullWidth-22 MuiInput-formControl-16 MuiInput-underline-19"
        role="combobox"
        style={Object {}}
      >
        <input
          aria-invalid={false}
          aria-required={false}
          autoComplete="off"
          className="MuiInput-input-23"
          disabled={false}
          onBlur={[Function]}
          onChange={[Function]}
          onFocus={[Function]}
          onKeyDown={[Function]}
          placeholder="Please select a location"
          type="text"
          value="Philipine"
        />
      </div>
    </div>
    <div
      className="MuiPaper-root-5 MuiPaper-elevation2-9"
      id="react-autowhatever-1"
      style={Object {}}
    />
  </div>
  <div
    className="MuiFormControl-root-1 MuiFormControl-marginNormal-2 MuiFormControl-fullWidth-4"
    onBlur={[Function]}
    onFocus={[Function]}
  >
    <label
      className="MuiFormLabel-root-10 MuiInputLabel-root-5 MuiInputLabel-formControl-6 MuiInputLabel-animated-9 MuiInputLabel-shrink-8"
      data-shrink={true}
      htmlFor="date"
    >
      Date
      <span
        className="MuiFormLabel-asterisk-14"
      >
         *
      </span>
    </label>
    <div
      className="MuiInput-root-15 MuiInput-fullWidth-22 MuiInput-formControl-16 MuiInput-underline-19"
    >
      <input
        aria-invalid={false}
        aria-required={true}
        className="MuiInput-input-23 MuiInput-inputType-26"
        disabled={false}
        id="date"
        onBlur={[Function]}
        onChange={[Function]}
        onFocus={[Function]}
        required={true}
        type="date"
        value="2018-03-15"
      />
    </div>
  </div>
  <div
    className="MuiFormControl-root-1 MuiFormControl-marginNormal-2 MuiFormControl-fullWidth-4"
    onBlur={[Function]}
    onFocus={[Function]}
  >
    <label
      className="MuiFormLabel-root-10 MuiInputLabel-root-5 MuiInputLabel-formControl-6 MuiInputLabel-animated-9 MuiInputLabel-shrink-8"
      data-shrink={true}
      htmlFor="depth"
    >
      Depth
    </label>
    <div
      className="MuiInput-root-15 MuiInput-fullWidth-22 MuiInput-formControl-16 MuiInput-underline-19"
    >
      <input
        aria-invalid={false}
        aria-required={false}
        className="MuiInput-input-23 MuiInput-inputType-26"
        disabled={false}
        id="depth"
        onBlur={[Function]}
        onChange={[Function]}
        onFocus={[Function]}
        type="number"
        value={28}
      />
    </div>
  </div>
</form>
`;
